V3 3
FL C:/Users/omara/OneDrive/Escritorio/Examen/Motor_A_Pasos/Motor_A_Pasos.vhd 2022/01/11.18:49:08 P.20131013
EN work/Motor_A_Pasos 1641944951 \
      FL C:/Users/omara/OneDrive/Escritorio/Examen/Motor_A_Pasos/Motor_A_Pasos.vhd \
      PB ieee/std_logic_1164 1381692176
AR work/Motor_A_Pasos/Motor_A_Pasos_arq 1641944952 \
      FL C:/Users/omara/OneDrive/Escritorio/Examen/Motor_A_Pasos/Motor_A_Pasos.vhd \
      EN work/Motor_A_Pasos 1641944951
